#
# There is insufficient memory for the Java Runtime Environment to continue.
# Native memory allocation (mmap) failed to map 25776128 bytes. Error detail: card table expansion
# Possible reasons:
#   The system is out of physical RAM or swap space
# Possible solutions:
#   Reduce memory load on the system
#   Increase physical memory or swap space
#   Check if swap backing store is full
#   Decrease Java heap size (-Xmx/-Xms)
#   Decrease number of Java threads
#   Decrease Java thread stack sizes (-Xss)
#   Set larger code cache with -XX:ReservedCodeCacheSize=
# This output file may be truncated or incomplete.
#
#  Out of Memory Error (os_windows.cpp:3732), pid=13820, tid=14808
#
# JRE version: OpenJDK Runtime Environment Temurin-21.0.12.1+1 (21.0.12.1+1) (build 21.0.12.1+1-LTS)
# Java VM: OpenJDK 64-Bit Server VM Temurin-21.0.12.1+1 (21.0.12.1+1-LTS, mixed mode, sharing, tiered, compressed class ptrs, parallel gc, windows-amd64)
# No core dump will be written. Minidumps are not enabled by default on client versions of Windows
#

---------------  S U M M A R Y ------------

Command Line: --add-modules=ALL-SYSTEM --add-opens=java.base/java.util=ALL-UNNAMED --add-opens=java.base/java.lang=ALL-UNNAMED --add-opens=java.base/sun.nio.fs=ALL-UNNAMED -Declipse.application=org.eclipse.jdt.ls.core.id1 -Dosgi.bundles.defaultStartLevel=4 -Declipse.product=org.eclipse.jdt.ls.core.product -Djava.import.generatesMetadataFilesAtProjectRoot=false -Dm2e.project.cache.size=50 -DDetectVMInstallationsJob.disabled=true -Dfile.encoding=utf8 -XX:+UseParallelGC -XX:GCTimeRatio=4 -XX:AdaptiveSizePolicyWeight=90 -Dsun.zip.disableMemoryMapping=true -Xmx64G -Xms100m -Xlog:disable -javaagent:c:\Users\HP\.vscode\extensions\redhat.java-1.56.0-win32-x64\lombok\lombok-1.18.39-4050.jar -XX:+HeapDumpOnOutOfMemoryError -XX:HeapDumpPath=c:\Users\HP\AppData\Roaming\Code\User\workspaceStorage\623c157ac56a15a7c5c112defd6c519b\redhat.java -Daether.dependencyCollector.impl=bf c:\Users\HP\.vscode\extensions\redhat.java-1.56.0-win32-x64\server\plugins\org.eclipse.equinox.launcher_1.8.0.v20260804-1928.jar -configuration c:\Users\HP\AppData\Roaming\Code\User\globalStorage\redhat.java\1.56.0\config_win -data c:\Users\HP\AppData\Roaming\Code\User\workspaceStorage\623c157ac56a15a7c5c112defd6c519b\redhat.java\jdt_ws --pipe=\\.\pipe\lsp-ac1c563eb4490174e7202c8d4e454735-sock

Host: AMD Ryzen 3 3250U with Radeon Graphics         , 4 cores, 13G,  Windows 11 , 64 bit Build 26100 (10.0.26100.9549)
Time: Tue Oct  6 22:24:56 2026 SE Asia Standard Time elapsed time: 7551.743316 seconds (0d 2h 5m 51s)

---------------  T H R E A D  ---------------

Current thread (0x0000025ac551dca0):  VMThread "VM Thread"          [id=14808, stack(0x0000006c79a00000,0x0000006c79b00000) (1024K)]

Stack: [0x0000006c79a00000,0x0000006c79b00000]
Native frames: (J=compiled Java code, j=interpreted, Vv=VM code, C=native code)
V  [jvm.dll+0x6d83e9]
V  [jvm.dll+0x8b5736]
V  [jvm.dll+0x8b7cee]
V  [jvm.dll+0x8b83d3]
V  [jvm.dll+0x284596]
V  [jvm.dll+0x6d4d05]
V  [jvm.dll+0x6c898a]
V  [jvm.dll+0x1d585b]
V  [jvm.dll+0x70f4e5]
V  [jvm.dll+0x70ef11]
V  [jvm.dll+0x70ee7d]
V  [jvm.dll+0x70eff4]
V  [jvm.dll+0x6e5816]
V  [jvm.dll+0x6e58d9]
V  [jvm.dll+0x6e5c85]
V  [jvm.dll+0x718df4]
V  [jvm.dll+0x8be0c0]
V  [jvm.dll+0x8bf434]
V  [jvm.dll+0x8bf960]
V  [jvm.dll+0x8bfc03]
V  [jvm.dll+0x8600cd]
V  [jvm.dll+0x6d6c1d]
C  [ucrtbase.dll+0x2cd30]
C  [KERNEL32.DLL+0x2cdf7]
C  [ntdll.dll+0x7ee4c]

VM_Operation (0x0000006c7b4fed50): ParallelGCFailedAllocation, mode: safepoint, requested by thread 0x0000025b07ce8ff0


---------------  P R O C E S S  ---------------

Threads class SMR info:
_java_thread_list=0x0000025b0c70c470, length=33, elements={
0x0000024a28d8b1e0, 0x0000025ac55353b0, 0x0000025ac5539750, 0x0000025ac553bf00,
0x0000025ac553cf10, 0x0000025ac55415a0, 0x0000025ac5541c10, 0x0000025ac5544a70,
0x0000025ac55bbd50, 0x0000025b0737a1e0, 0x0000025b074acf80, 0x0000025b079f0d20,
0x0000025b07a81790, 0x0000025b07750480, 0x0000025b07674b40, 0x0000025b073c4700,
0x0000025b07ce82d0, 0x0000025b07cea3a0, 0x0000025b07ce8960, 0x0000025b07ce8ff0,
0x0000025b0ecefb70, 0x0000025b0ecf15b0, 0x0000025b0ecf22d0, 0x0000025b0ecf2960,
0x0000025b0ecf0200, 0x0000025b0ecef4e0, 0x0000025b0ecf6470, 0x0000025b0ecf2ff0,
0x0000025b0ecf4a30, 0x0000025b0dcff920, 0x0000025b0dd00cd0, 0x0000025b0dd01360,
0x0000025b0dcfffb0
}
_to_delete_list=0x0000025b0c70d5e0, length=34, elements={
0x0000024a28d8b1e0, 0x0000025ac55353b0, 0x0000025ac5539750, 0x0000025ac553bf00,
0x0000025ac553cf10, 0x0000025ac55415a0, 0x0000025ac5541c10, 0x0000025ac5544a70,
0x0000025ac55bbd50, 0x0000025b0737a1e0, 0x0000025b074acf80, 0x0000025b079f0d20,
0x0000025b07a81790, 0x0000025b07750480, 0x0000025b07674b40, 0x0000025b073c4700,
0x0000025b07ce82d0, 0x0000025b07cea3a0, 0x0000025b07ce8960, 0x0000025b07ce8ff0,
0x0000025b0ecefb70, 0x0000025b0ecf15b0, 0x0000025b0ecf22d0, 0x0000025b0ecf2960,
0x0000025b0ecf0200, 0x0000025b0ecef4e0, 0x0000025b0ecf6470, 0x0000025b0ecf2ff0,
0x0000025b0ecf4a30, 0x0000025b0dcff920, 0x0000025b0dd02da0, 0x0000025b0dd00cd0,
0x0000025b0dd01360, 0x0000025b0dcfffb0
}

Java Threads: ( => current thread )
  0x0000024a28d8b1e0 JavaThread "main"                              [_thread_blocked, id=16416, stack(0x0000006c79700000,0x0000006c79800000) (1024K)]
  0x0000025ac55353b0 JavaThread "Reference Handler"          daemon [_thread_blocked, id=17688, stack(0x0000006c79b00000,0x0000006c79c00000) (1024K)]
  0x0000025ac5539750 JavaThread "Finalizer"                  daemon [_thread_blocked, id=9260, stack(0x0000006c79c00000,0x0000006c79d00000) (1024K)]
  0x0000025ac553bf00 JavaThread "Signal Dispatcher"          daemon [_thread_blocked, id=10560, stack(0x0000006c79d00000,0x0000006c79e00000) (1024K)]
  0x0000025ac553cf10 JavaThread "Attach Listener"            daemon [_thread_blocked, id=14440, stack(0x0000006c79e00000,0x0000006c79f00000) (1024K)]
  0x0000025ac55415a0 JavaThread "Service Thread"             daemon [_thread_blocked, id=6436, stack(0x0000006c79f00000,0x0000006c7a000000) (1024K)]
  0x0000025ac5541c10 JavaThread "Monitor Deflation Thread"   daemon [_thread_blocked, id=6904, stack(0x0000006c7a000000,0x0000006c7a100000) (1024K)]
  0x0000025ac5544a70 JavaThread "C2 CompilerThread0"         daemon [_thread_blocked, id=2560, stack(0x0000006c7a100000,0x0000006c7a200000) (1024K)]
  0x0000025ac55bbd50 JavaThread "C1 CompilerThread0"         daemon [_thread_blocked, id=12372, stack(0x0000006c7a200000,0x0000006c7a300000) (1024K)]
  0x0000025b0737a1e0 JavaThread "Common-Cleaner"             daemon [_thread_blocked, id=3204, stack(0x0000006c7a300000,0x0000006c7a400000) (1024K)]
  0x0000025b074acf80 JavaThread "Notification Thread"        daemon [_thread_blocked, id=16736, stack(0x0000006c7a400000,0x0000006c7a500000) (1024K)]
  0x0000025b079f0d20 JavaThread "Active Thread: Equinox Container: efbf316a-c09f-4660-8b8e-9d6da69d3af3"        [_thread_blocked, id=11200, stack(0x0000006c7a500000,0x0000006c7a600000) (1024K)]
  0x0000025b07a81790 JavaThread "Refresh Thread: Equinox Container: efbf316a-c09f-4660-8b8e-9d6da69d3af3" daemon [_thread_blocked, id=3652, stack(0x0000006c7a900000,0x0000006c7aa00000) (1024K)]
  0x0000025b07750480 JavaThread "Framework Event Dispatcher: Equinox Container: efbf316a-c09f-4660-8b8e-9d6da69d3af3" daemon [_thread_blocked, id=17220, stack(0x0000006c7aa00000,0x0000006c7ab00000) (1024K)]
  0x0000025b07674b40 JavaThread "Start Level: Equinox Container: efbf316a-c09f-4660-8b8e-9d6da69d3af3" daemon [_thread_blocked, id=11092, stack(0x0000006c7ab00000,0x0000006c7ac00000) (1024K)]
  0x0000025b073c4700 JavaThread "Bundle File Closer"         daemon [_thread_blocked, id=16708, stack(0x0000006c7ac00000,0x0000006c7ad00000) (1024K)]
  0x0000025b07ce82d0 JavaThread "SCR Component Actor"        daemon [_thread_blocked, id=12744, stack(0x0000006c79600000,0x0000006c79700000) (1024K)]
  0x0000025b07cea3a0 JavaThread "Worker-JM"                         [_thread_blocked, id=17348, stack(0x0000006c7ad00000,0x0000006c7ae00000) (1024K)]
  0x0000025b07ce8960 JavaThread "JNA Cleaner"                daemon [_thread_blocked, id=11552, stack(0x0000006c7af00000,0x0000006c7b000000) (1024K)]
  0x0000025b07ce8ff0 JavaThread "Java indexing"              daemon [_thread_blocked, id=12660, stack(0x0000006c7b400000,0x0000006c7b500000) (1024K)]
  0x0000025b0ecefb70 JavaThread "Worker-4"                          [_thread_blocked, id=15932, stack(0x0000006c7b800000,0x0000006c7b900000) (1024K)]
  0x0000025b0ecf15b0 JavaThread "Thread-1"                   daemon [_thread_in_native, id=12784, stack(0x0000006c7ba00000,0x0000006c7bb00000) (1024K)]
  0x0000025b0ecf22d0 JavaThread "Thread-2"                   daemon [_thread_in_native, id=14764, stack(0x0000006c7bb00000,0x0000006c7bc00000) (1024K)]
  0x0000025b0ecf2960 JavaThread "Thread-3"                   daemon [_thread_in_native, id=17596, stack(0x0000006c7bc00000,0x0000006c7bd00000) (1024K)]
  0x0000025b0ecf0200 JavaThread "Thread-4"                   daemon [_thread_in_native, id=18124, stack(0x0000006c7bd00000,0x0000006c7be00000) (1024K)]
  0x0000025b0ecef4e0 JavaThread "Thread-5"                   daemon [_thread_in_native, id=11296, stack(0x0000006c7be00000,0x0000006c7bf00000) (1024K)]
  0x0000025b0ecf6470 JavaThread "pool-2-thread-1"                   [_thread_blocked, id=17336, stack(0x0000006c7bf00000,0x0000006c7c000000) (1024K)]
  0x0000025b0ecf2ff0 JavaThread "WorkspaceEventsHandler"            [_thread_blocked, id=5532, stack(0x0000006c7c000000,0x0000006c7c100000) (1024K)]
  0x0000025b0ecf4a30 JavaThread "pool-1-thread-1"                   [_thread_blocked, id=9864, stack(0x0000006c7c100000,0x0000006c7c200000) (1024K)]
  0x0000025b0dcff920 JavaThread "Compiler Source File Reader" daemon [_thread_blocked, id=12376, stack(0x0000006c7b500000,0x0000006c7b600000) (1024K)]
  0x0000025b0dd00cd0 JavaThread "Worker-10"                         [_thread_blocked, id=19728, stack(0x0000006c79500000,0x0000006c79600000) (1024K)]
  0x0000025b0dd01360 JavaThread "pool-3-thread-1"                   [_thread_blocked, id=19232, stack(0x0000006c7ae00000,0x0000006c7af00000) (1024K)]
  0x0000025b0dcfffb0 JavaThread "Framework stop - Equinox Container: efbf316a-c09f-4660-8b8e-9d6da69d3af3"        [_thread_blocked, id=9872, stack(0x0000006c7b000000,0x0000006c7b100000) (1024K)]
Total: 33

Other Threads:
=>0x0000025ac551dca0 VMThread "VM Thread"                           [id=14808, stack(0x0000006c79a00000,0x0000006c79b00000) (1024K)]
  0x0000025ac54dca10 WatcherThread "VM Periodic Task Thread"        [id=17492, stack(0x0000006c79900000,0x0000006c79a00000) (1024K)]
  0x0000024a2b1fdfa0 WorkerThread "GC Thread#0"                     [id=4112, stack(0x0000006c79800000,0x0000006c79900000) (1024K)]
  0x0000025b07977cc0 WorkerThread "GC Thread#1"                     [id=6204, stack(0x0000006c7a600000,0x0000006c7a700000) (1024K)]
  0x0000025b0797c340 WorkerThread "GC Thread#2"                     [id=10928, stack(0x0000006c7a700000,0x0000006c7a800000) (1024K)]
  0x0000025b0797c6f0 WorkerThread "GC Thread#3"                     [id=11956, stack(0x0000006c7a800000,0x0000006c7a900000) (1024K)]
Total: 6

Threads with active compile tasks:
Total: 0

VM state: at safepoint (normal execution)

VM Mutex/Monitor currently owned by a thread:  ([mutex/lock_event])
[0x00007ff8a37df5b0] Threads_lock - owner thread: 0x0000025ac551dca0
[0x00007ff8a37df6b0] Heap_lock - owner thread: 0x0000025b07ce8ff0
[0x00007ff8a37dfb30] PSOldGenExpand_lock - owner thread: 0x0000025ac551dca0

CDS archive(s) mapped at: [0x0000025ac6000000-0x0000025ac6ba0000-0x0000025ac6ba0000), size 12189696, SharedBaseAddress: 0x0000025ac6000000, ArchiveRelocationMode: 1.
Compressed class space mapped at: 0x0000025ac7000000-0x0000025b07000000, reserved size: 1073741824
Narrow klass base: 0x0000025ac6000000, Narrow klass shift: 0, Narrow klass range: 0x100000000

GC Precious Log:
 CardTable entry size: 512
 CPUs: 4 total, 4 available
 Memory: 14215M
 Large Page Support: Disabled
 NUMA Support: Disabled
 Compressed Oops: Disabled
 Alignments: Space 512K, Generation 512K, Heap 2M
 Heap Min Capacity: 100M
 Heap Initial Capacity: 100M
 Heap Max Capacity: 64G
 Pre-touch: Disabled
 Parallel Workers: 4

Heap:
 PSYoungGen      total 27648K, used 0K [0x00000254e7f00000, 0x00000254e9c80000, 0x0000025a3d400000)
  eden space 27136K, 0% used [0x00000254e7f00000,0x00000254e7f00000,0x00000254e9980000)
  from space 512K, 0% used [0x00000254e9a00000,0x00000254e9a00000,0x00000254e9a80000)
  to   space 512K, 0% used [0x00000254e9980000,0x00000254e9980000,0x00000254e9a00000)
 ParOldGen       total 31849472K, used 31796026K [0x0000024a3d400000, 0x00000254e7f00000, 0x00000254e7f00000)
  object space 31849472K, 99% used [0x0000024a3d400000,0x00000251d1ece808,0x00000251d5300000)
 Metaspace       used 68949K, committed 70656K, reserved 1114112K
  class space    used 7294K, committed 8000K, reserved 1048576K

Card table byte_map: [0x0000024a00000000,0x0000024a08010000] _byte_map_base: 0x00000248dae16000

Marking Bits: (ParMarkBitMap*) 0x00007ff8a37e44a0
 Begin Bits: [0x0000025a3d400000, 0x0000025a7d400000)
 End Bits:   [0x0000025a7d400000, 0x0000025abd400000)

Polling page: 0x0000024a28ce0000

Metaspace:

Usage:
  Non-class:     60.21 MB used.
      Class:      7.12 MB used.
       Both:     67.33 MB used.

Virtual space:
  Non-class space:       64.00 MB reserved,      61.19 MB ( 96%) committed,  1 nodes.
      Class space:        1.00 GB reserved,       7.81 MB ( <1%) committed,  1 nodes.
             Both:        1.06 GB reserved,      69.00 MB (  6%) committed. 

Chunk freelists:
   Non-Class:  3.10 MB
       Class:  8.22 MB
        Both:  11.32 MB

MaxMetaspaceSize: unlimited
CompressedClassSpaceSize: 1.00 GB
Initial GC threshold: 21.00 MB
Current GC threshold: 115.00 MB
CDS: on
 - commit_granule_bytes: 65536.
 - commit_granule_words: 8192.
 - virtual_space_node_default_size: 8388608.
 - enlarge_chunks_in_place: 1.
 - use_allocation_guard: 0.


Internal statistics:

num_allocs_failed_limit: 9.
num_arena_births: 1086.
num_arena_deaths: 350.
num_vsnodes_births: 2.
num_vsnodes_deaths: 0.
num_space_committed: 1104.
num_space_uncommitted: 0.
num_chunks_returned_to_freelist: 405.
num_chunks_taken_from_freelist: 4106.
num_chunk_merges: 97.
num_chunk_splits: 2509.
num_chunks_enlarged: 1426.
num_inconsistent_stats: 0.

CodeHeap 'non-profiled nmethods': size=120000Kb used=5507Kb max_used=7670Kb free=114492Kb
 bounds [0x0000024a35eb0000, 0x0000024a36630000, 0x0000024a3d3e0000]
CodeHeap 'profiled nmethods': size=120000Kb used=16894Kb max_used=23816Kb free=103105Kb
 bounds [0x0000024a2e3e0000, 0x0000024a2fb30000, 0x0000024a35910000]
CodeHeap 'non-nmethods': size=5760Kb used=1476Kb max_used=1522Kb free=4283Kb
 bounds [0x0000024a35910000, 0x0000024a35b80000, 0x0000024a35eb0000]
CodeCache: size=245760Kb, used=23877Kb, max_used=33008Kb, free=221880Kb
 total_blobs=8863, nmethods=8069, adapters=699, full_count=0
Compilation: enabled, stopped_count=0, restarted_count=0

Compilation events (20 events):
Event: 7413.153 Thread 0x0000025ac5544a70 11048       4       org.eclipse.osgi.framework.eventmgr.CopyOnWriteIdentityMap$Snapshot$EntryIterator::next (5 bytes)
Event: 7413.155 Thread 0x0000025ac5544a70 nmethod 11048 0x0000024a3662ca90 code [0x0000024a3662cc20, 0x0000024a3662cd48]
Event: 7413.406 Thread 0x0000025ac55bbd50 11049       3       com.sun.org.apache.xerces.internal.dom.NodeImpl::isReadOnly (15 bytes)
Event: 7413.406 Thread 0x0000025ac55bbd50 nmethod 11049 0x0000024a2fb1db10 code [0x0000024a2fb1dca0, 0x0000024a2fb1de08]
Event: 7413.406 Thread 0x0000025ac55bbd50 11050       3       java.lang.ClassLoader::getResources (55 bytes)
Event: 7413.407 Thread 0x0000025ac55bbd50 nmethod 11050 0x0000024a2fb1de90 code [0x0000024a2fb1e0e0, 0x0000024a2fb1ec48]
Event: 7413.407 Thread 0x0000025ac55bbd50 11051       3       java.lang.CompoundEnumeration::<init> (10 bytes)
Event: 7413.407 Thread 0x0000025ac55bbd50 nmethod 11051 0x0000024a2fb1ef90 code [0x0000024a2fb1f140, 0x0000024a2fb1f2c0]
Event: 7413.477 Thread 0x0000025ac55bbd50 11052       3       org.eclipse.osgi.internal.serviceregistry.ServiceUse::inUse (11 bytes)
Event: 7413.477 Thread 0x0000025ac55bbd50 nmethod 11052 0x0000024a2fb1f390 code [0x0000024a2fb1f540, 0x0000024a2fb1f6b0]
Event: 7413.496 Thread 0x0000025ac55bbd50 11053       3       org.apache.felix.scr.impl.Activator::debug (78 bytes)
Event: 7413.497 Thread 0x0000025ac55bbd50 nmethod 11053 0x0000024a2fb1f790 code [0x0000024a2fb1fa40, 0x0000024a2fb204e8]
Event: 7413.498 Thread 0x0000025ac5544a70 11054  s    4       org.eclipse.osgi.framework.eventmgr.CopyOnWriteIdentityMap::put (147 bytes)
Event: 7413.509 Thread 0x0000025ac5544a70 nmethod 11054 0x0000024a3662ce90 code [0x0000024a3662d060, 0x0000024a3662d800]
Event: 7414.121 Thread 0x0000025ac55bbd50 11055       3       java.io.PrintWriter::println (5 bytes)
Event: 7414.122 Thread 0x0000025ac55bbd50 nmethod 11055 0x0000024a2fb20910 code [0x0000024a2fb20ac0, 0x0000024a2fb20bf8]
Event: 7414.122 Thread 0x0000025ac55bbd50 11056   !   3       java.io.PrintWriter::newLine (63 bytes)
Event: 7414.123 Thread 0x0000025ac55bbd50 nmethod 11056 0x0000024a2fb20c90 code [0x0000024a2fb20f40, 0x0000024a2fb21d80]
Event: 7416.656 Thread 0x0000025ac55bbd50 11057   !   3       java.io.PrintWriter::implNewLine (48 bytes)
Event: 7416.657 Thread 0x0000025ac55bbd50 nmethod 11057 0x0000024a2e55a510 code [0x0000024a2e55a740, 0x0000024a2e55ad88]

GC Heap History (20 events):
Event: 7260.176 GC heap before
{Heap before GC invocations=52 (full 3):
 PSYoungGen      total 17408K, used 17280K [0x00000254e7f00000, 0x00000254e9480000, 0x0000025a3d400000)
  eden space 16384K, 100% used [0x00000254e7f00000,0x00000254e8f00000,0x00000254e8f00000)
  from space 1024K, 87% used [0x00000254e9380000,0x00000254e9460080,0x00000254e9480000)
  to   space 1024K, 0% used [0x00000254e9280000,0x00000254e9280000,0x00000254e9380000)
 ParOldGen       total 29619200K, used 29616329K [0x0000024a3d400000, 0x000002514d100000, 0x00000254e7f00000)
  object space 29619200K, 99% used [0x0000024a3d400000,0x000002514ce32490,0x000002514d100000)
 Metaspace       used 67796K, committed 69184K, reserved 1114112K
  class space    used 7189K, committed 7744K, reserved 1048576K
}
Event: 7260.379 GC heap after
{Heap after GC invocations=52 (full 3):
 PSYoungGen      total 17408K, used 192K [0x00000254e7f00000, 0x00000254e9400000, 0x0000025a3d400000)
  eden space 16384K, 0% used [0x00000254e7f00000,0x00000254e7f00000,0x00000254e8f00000)
  from space 1024K, 18% used [0x00000254e9280000,0x00000254e92b0000,0x00000254e9380000)
  to   space 512K, 0% used [0x00000254e9380000,0x00000254e9380000,0x00000254e9400000)
 ParOldGen       total 29619200K, used 29616737K [0x0000024a3d400000, 0x000002514d100000, 0x00000254e7f00000)
  object space 29619200K, 99% used [0x0000024a3d400000,0x000002514ce984f0,0x000002514d100000)
 Metaspace       used 67796K, committed 69184K, reserved 1114112K
  class space    used 7189K, committed 7744K, reserved 1048576K
}
Event: 7264.603 GC heap before
{Heap before GC invocations=53 (full 3):
 PSYoungGen      total 17408K, used 16576K [0x00000254e7f00000, 0x00000254e9400000, 0x0000025a3d400000)
  eden space 16384K, 100% used [0x00000254e7f00000,0x00000254e8f00000,0x00000254e8f00000)
  from space 1024K, 18% used [0x00000254e9280000,0x00000254e92b0000,0x00000254e9380000)
  to   space 512K, 0% used [0x00000254e9380000,0x00000254e9380000,0x00000254e9400000)
 ParOldGen       total 29619200K, used 29616737K [0x0000024a3d400000, 0x000002514d100000, 0x00000254e7f00000)
  object space 29619200K, 99% used [0x0000024a3d400000,0x000002514ce984f0,0x000002514d100000)
 Metaspace       used 68723K, committed 70080K, reserved 1114112K
  class space    used 7322K, committed 7872K, reserved 1048576K
}
Event: 7264.635 GC heap after
{Heap after GC invocations=53 (full 3):
 PSYoungGen      total 16896K, used 512K [0x00000254e7f00000, 0x00000254e9400000, 0x0000025a3d400000)
  eden space 16384K, 0% used [0x00000254e7f00000,0x00000254e7f00000,0x00000254e8f00000)
  from space 512K, 100% used [0x00000254e9380000,0x00000254e9400000,0x00000254e9400000)
  to   space 1536K, 0% used [0x00000254e9100000,0x00000254e9100000,0x00000254e9280000)
 ParOldGen       total 29619200K, used 29617550K [0x0000024a3d400000, 0x000002514d100000, 0x00000254e7f00000)
  object space 29619200K, 99% used [0x0000024a3d400000,0x000002514cf63bf0,0x000002514d100000)
 Metaspace       used 68723K, committed 70080K, reserved 1114112K
  class space    used 7322K, committed 7872K, reserved 1048576K
}
Event: 7414.149 GC heap before
{Heap before GC invocations=54 (full 3):
 PSYoungGen      total 16896K, used 7598K [0x00000254e7f00000, 0x00000254e9400000, 0x0000025a3d400000)
  eden space 16384K, 43% used [0x00000254e7f00000,0x00000254e85eb818,0x00000254e8f00000)
  from space 512K, 100% used [0x00000254e9380000,0x00000254e9400000,0x00000254e9400000)
  to   space 1536K, 0% used [0x00000254e9100000,0x00000254e9100000,0x00000254e9280000)
 ParOldGen       total 29619200K, used 29617550K [0x0000024a3d400000, 0x000002514d100000, 0x00000254e7f00000)
  object space 29619200K, 99% used [0x0000024a3d400000,0x000002514cf63bf0,0x000002514d100000)
 Metaspace       used 69281K, committed 70656K, reserved 1114112K
  class space    used 7392K, committed 8000K, reserved 1048576K
}
Event: 7414.300 GC heap after
{Heap after GC invocations=54 (full 3):
 PSYoungGen      total 17920K, used 512K [0x00000254e7f00000, 0x00000254e9400000, 0x0000025a3d400000)
  eden space 16384K, 0% used [0x00000254e7f00000,0x00000254e7f00000,0x00000254e8f00000)
  from space 1536K, 33% used [0x00000254e9100000,0x00000254e9180000,0x00000254e9280000)
  to   space 1024K, 0% used [0x00000254e9300000,0x00000254e9300000,0x00000254e9400000)
 ParOldGen       total 29619200K, used 29618077K [0x0000024a3d400000, 0x000002514d100000, 0x00000254e7f00000)
  object space 29619200K, 99% used [0x0000024a3d400000,0x000002514cfe7630,0x000002514d100000)
 Metaspace       used 69281K, committed 70656K, reserved 1114112K
  class space    used 7392K, committed 8000K, reserved 1048576K
}
Event: 7414.300 GC heap before
{Heap before GC invocations=55 (full 3):
 PSYoungGen      total 17920K, used 512K [0x00000254e7f00000, 0x00000254e9400000, 0x0000025a3d400000)
  eden space 16384K, 0% used [0x00000254e7f00000,0x00000254e7f00000,0x00000254e8f00000)
  from space 1536K, 33% used [0x00000254e9100000,0x00000254e9180000,0x00000254e9280000)
  to   space 1024K, 0% used [0x00000254e9300000,0x00000254e9300000,0x00000254e9400000)
 ParOldGen       total 29619200K, used 29618077K [0x0000024a3d400000, 0x000002514d100000, 0x00000254e7f00000)
  object space 29619200K, 99% used [0x0000024a3d400000,0x000002514cfe7630,0x000002514d100000)
 Metaspace       used 69281K, committed 70656K, reserved 1114112K
  class space    used 7392K, committed 8000K, reserved 1048576K
}
Event: 7414.391 GC heap after
{Heap after GC invocations=55 (full 3):
 PSYoungGen      total 20992K, used 0K [0x00000254e7f00000, 0x00000254e9500000, 0x0000025a3d400000)
  eden space 19968K, 0% used [0x00000254e7f00000,0x00000254e7f00000,0x00000254e9280000)
  from space 1024K, 0% used [0x00000254e9300000,0x00000254e9300000,0x00000254e9400000)
  to   space 512K, 0% used [0x00000254e9280000,0x00000254e9280000,0x00000254e9300000)
 ParOldGen       total 29619200K, used 29618528K [0x0000024a3d400000, 0x000002514d100000, 0x00000254e7f00000)
  object space 29619200K, 99% used [0x0000024a3d400000,0x000002514d058158,0x000002514d100000)
 Metaspace       used 69281K, committed 70656K, reserved 1114112K
  class space    used 7392K, committed 8000K, reserved 1048576K
}
Event: 7414.391 GC heap before
{Heap before GC invocations=56 (full 4):
 PSYoungGen      total 20992K, used 0K [0x00000254e7f00000, 0x00000254e9500000, 0x0000025a3d400000)
  eden space 19968K, 0% used [0x00000254e7f00000,0x00000254e7f00000,0x00000254e9280000)
  from space 1024K, 0% used [0x00000254e9300000,0x00000254e9300000,0x00000254e9400000)
  to   space 512K, 0% used [0x00000254e9280000,0x00000254e9280000,0x00000254e9300000)
 ParOldGen       total 29619200K, used 29618528K [0x0000024a3d400000, 0x000002514d100000, 0x00000254e7f00000)
  object space 29619200K, 99% used [0x0000024a3d400000,0x000002514d058158,0x000002514d100000)
 Metaspace       used 69281K, committed 70656K, reserved 1114112K
  class space    used 7392K, committed 8000K, reserved 1048576K
}
Event: 7416.571 GC heap after
{Heap after GC invocations=56 (full 4):
 PSYoungGen      total 20480K, used 0K [0x00000254e7f00000, 0x00000254e9980000, 0x0000025a3d400000)
  eden space 19968K, 0% used [0x00000254e7f00000,0x00000254e7f00000,0x00000254e9280000)
  from space 512K, 0% used [0x00000254e9280000,0x00000254e9280000,0x00000254e9300000)
  to   space 512K, 0% used [0x00000254e9900000,0x00000254e9900000,0x00000254e9980000)
 ParOldGen       total 94720K, used 67918K [0x0000024a3d400000, 0x0000024a43080000, 0x00000254e7f00000)
  object space 94720K, 71% used [0x0000024a3d400000,0x0000024a41653bf0,0x0000024a43080000)
 Metaspace       used 69244K, committed 70656K, reserved 1114112K
  class space    used 7374K, committed 8000K, reserved 1048576K
}
Event: 7443.860 GC heap before
{Heap before GC invocations=57 (full 4):
 PSYoungGen      total 20480K, used 248K [0x00000254e7f00000, 0x00000254e9980000, 0x0000025a3d400000)
  eden space 19968K, 1% used [0x00000254e7f00000,0x00000254e7f3e330,0x00000254e9280000)
  from space 512K, 0% used [0x00000254e9280000,0x00000254e9280000,0x00000254e9300000)
  to   space 512K, 0% used [0x00000254e9900000,0x00000254e9900000,0x00000254e9980000)
 ParOldGen       total 31839744K, used 31812942K [0x0000024a3d400000, 0x00000251d4980000, 0x00000254e7f00000)
  object space 31839744K, 99% used [0x0000024a3d400000,0x00000251d2f53bf0,0x00000251d4980000)
 Metaspace       used 69245K, committed 70656K, reserved 1114112K
  class space    used 7374K, committed 8000K, reserved 1048576K
}
Event: 7444.208 GC heap after
{Heap after GC invocations=57 (full 4):
 PSYoungGen      total 20480K, used 128K [0x00000254e7f00000, 0x00000254e9980000, 0x0000025a3d400000)
  eden space 19968K, 0% used [0x00000254e7f00000,0x00000254e7f00000,0x00000254e9280000)
  from space 512K, 25% used [0x00000254e9900000,0x00000254e9920000,0x00000254e9980000)
  to   space 512K, 0% used [0x00000254e9280000,0x00000254e9280000,0x00000254e9300000)
 ParOldGen       total 31839744K, used 31812942K [0x0000024a3d400000, 0x00000251d4980000, 0x00000254e7f00000)
  object space 31839744K, 99% used [0x0000024a3d400000,0x00000251d2f53bf0,0x00000251d4980000)
 Metaspace       used 69245K, committed 70656K, reserved 1114112K
  class space    used 7374K, committed 8000K, reserved 1048576K
}
Event: 7444.208 GC heap before
{Heap before GC invocations=58 (full 4):
 PSYoungGen      total 20480K, used 128K [0x00000254e7f00000, 0x00000254e9980000, 0x0000025a3d400000)
  eden space 19968K, 0% used [0x00000254e7f00000,0x00000254e7f00000,0x00000254e9280000)
  from space 512K, 25% used [0x00000254e9900000,0x00000254e9920000,0x00000254e9980000)
  to   space 512K, 0% used [0x00000254e9280000,0x00000254e9280000,0x00000254e9300000)
 ParOldGen       total 31839744K, used 31812942K [0x0000024a3d400000, 0x00000251d4980000, 0x00000254e7f00000)
  object space 31839744K, 99% used [0x0000024a3d400000,0x00000251d2f53bf0,0x00000251d4980000)
 Metaspace       used 69245K, committed 70656K, reserved 1114112K
  class space    used 7374K, committed 8000K, reserved 1048576K
}
Event: 7444.256 GC heap after
{Heap after GC invocations=58 (full 4):
 PSYoungGen      total 20480K, used 0K [0x00000254e7f00000, 0x00000254e9980000, 0x0000025a3d400000)
  eden space 19968K, 0% used [0x00000254e7f00000,0x00000254e7f00000,0x00000254e9280000)
  from space 512K, 0% used [0x00000254e9280000,0x00000254e9280000,0x00000254e9300000)
  to   space 512K, 0% used [0x00000254e9900000,0x00000254e9900000,0x00000254e9980000)
 ParOldGen       total 31839744K, used 31812958K [0x0000024a3d400000, 0x00000251d4980000, 0x00000254e7f00000)
  object space 31839744K, 99% used [0x0000024a3d400000,0x00000251d2f57bf0,0x00000251d4980000)
 Metaspace       used 69245K, committed 70656K, reserved 1114112K
  class space    used 7374K, committed 8000K, reserved 1048576K
}
Event: 7444.256 GC heap before
{Heap before GC invocations=59 (full 5):
 PSYoungGen      total 20480K, used 0K [0x00000254e7f00000, 0x00000254e9980000, 0x0000025a3d400000)
  eden space 19968K, 0% used [0x00000254e7f00000,0x00000254e7f00000,0x00000254e9280000)
  from space 512K, 0% used [0x00000254e9280000,0x00000254e9280000,0x00000254e9300000)
  to   space 512K, 0% used [0x00000254e9900000,0x00000254e9900000,0x00000254e9980000)
 ParOldGen       total 31839744K, used 31812958K [0x0000024a3d400000, 0x00000251d4980000, 0x00000254e7f00000)
  object space 31839744K, 99% used [0x0000024a3d400000,0x00000251d2f57bf0,0x00000251d4980000)
 Metaspace       used 69245K, committed 70656K, reserved 1114112K
  class space    used 7374K, committed 8000K, reserved 1048576K
}
Event: 7495.316 GC heap after
{Heap after GC invocations=59 (full 5):
 PSYoungGen      total 24064K, used 0K [0x00000254e7f00000, 0x00000254e9980000, 0x0000025a3d400000)
  eden space 23552K, 0% used [0x00000254e7f00000,0x00000254e7f00000,0x00000254e9600000)
  from space 512K, 0% used [0x00000254e9900000,0x00000254e9900000,0x00000254e9980000)
  to   space 512K, 0% used [0x00000254e9880000,0x00000254e9880000,0x00000254e9900000)
 ParOldGen       total 31839232K, used 31801258K [0x0000024a3d400000, 0x00000251d4900000, 0x00000254e7f00000)
  object space 31839232K, 99% used [0x0000024a3d400000,0x00000251d23ea850,0x00000251d4900000)
 Metaspace       used 69245K, committed 70656K, reserved 1114112K
  class space    used 7374K, committed 8000K, reserved 1048576K
}
Event: 7496.295 GC heap before
{Heap before GC invocations=60 (full 5):
 PSYoungGen      total 24064K, used 0K [0x00000254e7f00000, 0x00000254e9980000, 0x0000025a3d400000)
  eden space 23552K, 0% used [0x00000254e7f00000,0x00000254e7f00000,0x00000254e9600000)
  from space 512K, 0% used [0x00000254e9900000,0x00000254e9900000,0x00000254e9980000)
  to   space 512K, 0% used [0x00000254e9880000,0x00000254e9880000,0x00000254e9900000)
 ParOldGen       total 44739584K, used 31801258K [0x0000024a3d400000, 0x00000254e7f00000, 0x00000254e7f00000)
  object space 44739584K, 71% used [0x0000024a3d400000,0x00000251d23ea850,0x00000254e7f00000)
 Metaspace       used 69245K, committed 70656K, reserved 1114112K
  class space    used 7374K, committed 8000K, reserved 1048576K
}
Event: 7496.423 GC heap after
{Heap after GC invocations=60 (full 5):
 PSYoungGen      total 26624K, used 0K [0x00000254e7f00000, 0x00000254e9a80000, 0x0000025a3d400000)
  eden space 26112K, 0% used [0x00000254e7f00000,0x00000254e7f00000,0x00000254e9880000)
  from space 512K, 0% used [0x00000254e9880000,0x00000254e9880000,0x00000254e9900000)
  to   space 512K, 0% used [0x00000254e9a00000,0x00000254e9a00000,0x00000254e9a80000)
 ParOldGen       total 44739584K, used 31801258K [0x0000024a3d400000, 0x00000254e7f00000, 0x00000254e7f00000)
  object space 44739584K, 71% used [0x0000024a3d400000,0x00000251d23ea850,0x00000254e7f00000)
 Metaspace       used 69245K, committed 70656K, reserved 1114112K
  class space    used 7374K, committed 8000K, reserved 1048576K
}
Event: 7496.423 GC heap before
{Heap before GC invocations=61 (full 6):
 PSYoungGen      total 26624K, used 0K [0x00000254e7f00000, 0x00000254e9a80000, 0x0000025a3d400000)
  eden space 26112K, 0% used [0x00000254e7f00000,0x00000254e7f00000,0x00000254e9880000)
  from space 512K, 0% used [0x00000254e9880000,0x00000254e9880000,0x00000254e9900000)
  to   space 512K, 0% used [0x00000254e9a00000,0x00000254e9a00000,0x00000254e9a80000)
 ParOldGen       total 44739584K, used 31801258K [0x0000024a3d400000, 0x00000254e7f00000, 0x00000254e7f00000)
  object space 44739584K, 71% used [0x0000024a3d400000,0x00000251d23ea850,0x00000254e7f00000)
 Metaspace       used 69245K, committed 70656K, reserved 1114112K
  class space    used 7374K, committed 8000K, reserved 1048576K
}
Event: 7551.675 GC heap after
{Heap after GC invocations=61 (full 6):
 PSYoungGen      total 27648K, used 0K [0x00000254e7f00000, 0x00000254e9c80000, 0x0000025a3d400000)
  eden space 27136K, 0% used [0x00000254e7f00000,0x00000254e7f00000,0x00000254e9980000)
  from space 512K, 0% used [0x00000254e9a00000,0x00000254e9a00000,0x00000254e9a80000)
  to   space 512K, 0% used [0x00000254e9980000,0x00000254e9980000,0x00000254e9a00000)
 ParOldGen       total 31849472K, used 31796026K [0x0000024a3d400000, 0x00000251d5300000, 0x00000254e7f00000)
  object space 31849472K, 99% used [0x0000024a3d400000,0x00000251d1ece808,0x00000251d5300000)
 Metaspace       used 68949K, committed 70656K, reserved 1114112K
  class space    used 7294K, committed 8000K, reserved 1048576K
}

Dll operation events (20 events):
Event: 2.758 Attempting to load shared library C:\Users\HP\.vscode\extensions\redhat.java-1.56.0-win32-x64\jre\21.0.12.1-win32-x86_64\bin\instrument.dll
Event: 2.758 Loaded shared library C:\Users\HP\.vscode\extensions\redhat.java-1.56.0-win32-x64\jre\21.0.12.1-win32-x86_64\bin\instrument.dll
Event: 2.768 Attempting to load shared library C:\Users\HP\.vscode\extensions\redhat.java-1.56.0-win32-x64\jre\21.0.12.1-win32-x86_64\bin\net.dll
Event: 2.771 Loaded shared library C:\Users\HP\.vscode\extensions\redhat.java-1.56.0-win32-x64\jre\21.0.12.1-win32-x86_64\bin\net.dll
Event: 2.776 Attempting to load shared library C:\Users\HP\.vscode\extensions\redhat.java-1.56.0-win32-x64\jre\21.0.12.1-win32-x86_64\bin\nio.dll
Event: 2.777 Loaded shared library C:\Users\HP\.vscode\extensions\redhat.java-1.56.0-win32-x64\jre\21.0.12.1-win32-x86_64\bin\nio.dll
Event: 2.786 Attempting to load shared library C:\Users\HP\.vscode\extensions\redhat.java-1.56.0-win32-x64\jre\21.0.12.1-win32-x86_64\bin\zip.dll
Event: 2.786 Loaded shared library C:\Users\HP\.vscode\extensions\redhat.java-1.56.0-win32-x64\jre\21.0.12.1-win32-x86_64\bin\zip.dll
Event: 2.860 Attempting to load shared library C:\Users\HP\.vscode\extensions\redhat.java-1.56.0-win32-x64\jre\21.0.12.1-win32-x86_64\bin\jimage.dll
Event: 2.860 Loaded shared library C:\Users\HP\.vscode\extensions\redhat.java-1.56.0-win32-x64\jre\21.0.12.1-win32-x86_64\bin\jimage.dll
Event: 3.398 Attempting to load shared library c:\Users\HP\.vscode\extensions\redhat.java-1.56.0-win32-x64\jre\21.0.12.1-win32-x86_64\bin\verify.dll
Event: 3.399 Loaded shared library c:\Users\HP\.vscode\extensions\redhat.java-1.56.0-win32-x64\jre\21.0.12.1-win32-x86_64\bin\verify.dll
Event: 43.196 Attempting to load shared library C:\Users\HP\AppData\Roaming\Code\User\globalStorage\redhat.java\1.56.0\config_win\org.eclipse.equinox.launcher\org.eclipse.equinox.launcher.win32.win32.x86_64_1.3.100.v20260804-1928\eclipse_11924.dll
Event: 43.957 Loaded shared library C:\Users\HP\AppData\Roaming\Code\User\globalStorage\redhat.java\1.56.0\config_win\org.eclipse.equinox.launcher\org.eclipse.equinox.launcher.win32.win32.x86_64_1.3.100.v20260804-1928\eclipse_11924.dll
Event: 87.255 Attempting to load shared library C:\Users\HP\AppData\Local\Temp\jna-2312\jna17371583390501777223.dll
Event: 87.647 Loaded shared library C:\Users\HP\AppData\Local\Temp\jna-2312\jna17371583390501777223.dll
Event: 99.871 Attempting to load shared library C:\Users\HP\.vscode\extensions\redhat.java-1.56.0-win32-x64\jre\21.0.12.1-win32-x86_64\bin\sunmscapi.dll
Event: 99.978 Loaded shared library C:\Users\HP\.vscode\extensions\redhat.java-1.56.0-win32-x64\jre\21.0.12.1-win32-x86_64\bin\sunmscapi.dll
Event: 103.670 Attempting to load shared library C:\Users\HP\.vscode\extensions\redhat.java-1.56.0-win32-x64\jre\21.0.12.1-win32-x86_64\bin\extnet.dll
Event: 103.821 Loaded shared library C:\Users\HP\.vscode\extensions\redhat.java-1.56.0-win32-x64\jre\21.0.12.1-win32-x86_64\bin\extnet.dll

Deoptimization events (20 events):
Event: 7412.091 Thread 0x0000025b0dcfffb0 Uncommon trap: trap_request=0xffffffc6 fr.pc=0x0000024a365a5990 relative=0x0000000000000510
Event: 7412.092 Thread 0x0000025b0dcfffb0 Uncommon trap: reason=bimorphic_or_optimized_type_check action=maybe_recompile pc=0x0000024a365a5990 method=java.util.HashMap.removeNode(ILjava/lang/Object;Ljava/lang/Object;ZZ)Ljava/util/HashMap$Node; @ 143 c2
Event: 7412.092 Thread 0x0000025b0dcfffb0 DEOPT PACKING pc=0x0000024a365a5990 sp=0x0000006c7b0fdf10
Event: 7412.092 Thread 0x0000025b0dcfffb0 DEOPT UNPACKING pc=0x0000024a35963aa2 sp=0x0000006c7b0fde08 mode 2
Event: 7412.103 Thread 0x0000025b0dcfffb0 Uncommon trap: trap_request=0xffffffc6 fr.pc=0x0000024a365a5990 relative=0x0000000000000510
Event: 7412.103 Thread 0x0000025b0dcfffb0 Uncommon trap: reason=bimorphic_or_optimized_type_check action=maybe_recompile pc=0x0000024a365a5990 method=java.util.HashMap.removeNode(ILjava/lang/Object;Ljava/lang/Object;ZZ)Ljava/util/HashMap$Node; @ 143 c2
Event: 7412.104 Thread 0x0000025b0dcfffb0 DEOPT PACKING pc=0x0000024a365a5990 sp=0x0000006c7b0fdf10
Event: 7412.104 Thread 0x0000025b0dcfffb0 DEOPT UNPACKING pc=0x0000024a35963aa2 sp=0x0000006c7b0fde08 mode 2
Event: 7412.122 Thread 0x0000025b0dcfffb0 Uncommon trap: trap_request=0xffffffc6 fr.pc=0x0000024a365a5990 relative=0x0000000000000510
Event: 7412.122 Thread 0x0000025b0dcfffb0 Uncommon trap: reason=bimorphic_or_optimized_type_check action=maybe_recompile pc=0x0000024a365a5990 method=java.util.HashMap.removeNode(ILjava/lang/Object;Ljava/lang/Object;ZZ)Ljava/util/HashMap$Node; @ 143 c2
Event: 7412.122 Thread 0x0000025b0dcfffb0 DEOPT PACKING pc=0x0000024a365a5990 sp=0x0000006c7b0fdf10
Event: 7412.122 Thread 0x0000025b0dcfffb0 DEOPT UNPACKING pc=0x0000024a35963aa2 sp=0x0000006c7b0fde08 mode 2
Event: 7414.126 Thread 0x0000025b07ce8ff0 Uncommon trap: trap_request=0xffffffde fr.pc=0x0000024a35fcdfec relative=0x000000000000048c
Event: 7414.126 Thread 0x0000025b07ce8ff0 Uncommon trap: reason=class_check action=maybe_recompile pc=0x0000024a35fcdfec method=java.util.AbstractMap.hashCode()I @ 3 c2
Event: 7414.126 Thread 0x0000025b07ce8ff0 DEOPT PACKING pc=0x0000024a35fcdfec sp=0x0000006c7b4febc0
Event: 7414.126 Thread 0x0000025b07ce8ff0 DEOPT UNPACKING pc=0x0000024a35963aa2 sp=0x0000006c7b4feb78 mode 2
Event: 7416.653 Thread 0x0000025b0ecf4a30 Uncommon trap: trap_request=0x0000002e fr.pc=0x0000024a35f9f2f8 relative=0x0000000000000418
Event: 7416.653 Thread 0x0000025b0ecf4a30 Uncommon trap: reason=unloaded action=reinterpret pc=0x0000024a35f9f2f8 method=org.eclipse.jdt.ls.core.internal.ConnectionStreamFactory$NamedPipeInputStream.read()I @ 119 c2
Event: 7416.653 Thread 0x0000025b0ecf4a30 DEOPT PACKING pc=0x0000024a35f9f2f8 sp=0x0000006c7c1fee70
Event: 7416.653 Thread 0x0000025b0ecf4a30 DEOPT UNPACKING pc=0x0000024a35963aa2 sp=0x0000006c7c1fee20 mode 2

Classes loaded (20 events):
Event: 7299.583 Loading class java/util/stream/Nodes$ConcNode
Event: 7299.585 Loading class java/util/stream/Nodes$AbstractConcNode
Event: 7299.586 Loading class java/util/stream/Nodes$AbstractConcNode done
Event: 7299.586 Loading class java/util/stream/Nodes$ConcNode done
Event: 7299.626 Loading class java/util/stream/Nodes$ToArrayTask$OfRef
Event: 7299.626 Loading class java/util/stream/Nodes$ToArrayTask
Event: 7299.627 Loading class java/util/stream/Nodes$ToArrayTask done
Event: 7299.627 Loading class java/util/stream/Nodes$ToArrayTask$OfRef done
Event: 7299.638 Loading class java/io/ObjectOutputStream$BlockDataOutputStream
Event: 7299.640 Loading class java/io/ObjectOutputStream$BlockDataOutputStream done
Event: 7299.640 Loading class java/io/ObjectOutputStream$HandleTable
Event: 7299.640 Loading class java/io/ObjectOutputStream$HandleTable done
Event: 7299.640 Loading class java/io/ObjectOutputStream$ReplaceTable
Event: 7299.641 Loading class java/io/ObjectOutputStream$ReplaceTable done
Event: 7410.971 Loading class java/util/concurrent/ConcurrentHashMap$EntrySpliterator
Event: 7410.971 Loading class java/util/concurrent/ConcurrentHashMap$EntrySpliterator done
Event: 7410.995 Loading class java/util/zip/Deflater
Event: 7411.001 Loading class java/util/zip/Deflater done
Event: 7411.005 Loading class java/util/zip/Deflater$DeflaterZStreamRef
Event: 7411.006 Loading class java/util/zip/Deflater$DeflaterZStreamRef done

Classes unloaded (20 events):
Event: 7514.753 Thread 0x0000025ac551dca0 Unloading class 0x0000025ac7014800 'java/lang/invoke/LambdaForm$MH+0x0000025ac7014800'
Event: 7514.753 Thread 0x0000025ac551dca0 Unloading class 0x0000025ac700d800 'java/lang/invoke/LambdaForm$MH+0x0000025ac700d800'
Event: 7514.754 Thread 0x0000025ac551dca0 Unloading class 0x0000025ac700d400 'java/lang/invoke/LambdaForm$MH+0x0000025ac700d400'
Event: 7514.754 Thread 0x0000025ac551dca0 Unloading class 0x0000025ac700d000 'java/lang/invoke/LambdaForm$MH+0x0000025ac700d000'
Event: 7514.754 Thread 0x0000025ac551dca0 Unloading class 0x0000025ac700cc00 'java/lang/invoke/LambdaForm$MH+0x0000025ac700cc00'
Event: 7514.754 Thread 0x0000025ac551dca0 Unloading class 0x0000025ac700c800 'java/lang/invoke/LambdaForm$BMH+0x0000025ac700c800'
Event: 7514.754 Thread 0x0000025ac551dca0 Unloading class 0x0000025ac700c000 'java/lang/invoke/LambdaForm$DMH+0x0000025ac700c000'
Event: 7514.754 Thread 0x0000025ac551dca0 Unloading class 0x0000025ac7008c00 'java/lang/invoke/LambdaForm$MH+0x0000025ac7008c00'
Event: 7514.754 Thread 0x0000025ac551dca0 Unloading class 0x0000025ac7008800 'java/lang/invoke/LambdaForm$MH+0x0000025ac7008800'
Event: 7514.755 Thread 0x0000025ac551dca0 Unloading class 0x0000025ac7008400 'java/lang/invoke/LambdaForm$MH+0x0000025ac7008400'
Event: 7514.755 Thread 0x0000025ac551dca0 Unloading class 0x0000025ac7007000 'java/lang/invoke/LambdaForm$MH+0x0000025ac7007000'
Event: 7514.755 Thread 0x0000025ac551dca0 Unloading class 0x0000025ac7006c00 'java/lang/invoke/LambdaForm$MH+0x0000025ac7006c00'
Event: 7514.755 Thread 0x0000025ac551dca0 Unloading class 0x0000025ac7006800 'java/lang/invoke/LambdaForm$MH+0x0000025ac7006800'
Event: 7514.755 Thread 0x0000025ac551dca0 Unloading class 0x0000025ac7006400 'java/lang/invoke/LambdaForm$MH+0x0000025ac7006400'
Event: 7514.755 Thread 0x0000025ac551dca0 Unloading class 0x0000025ac7005c00 'java/lang/invoke/LambdaForm$BMH+0x0000025ac7005c00'
Event: 7514.755 Thread 0x0000025ac551dca0 Unloading class 0x0000025ac7004800 'java/lang/invoke/LambdaForm$DMH+0x0000025ac7004800'
Event: 7514.755 Thread 0x0000025ac551dca0 Unloading class 0x0000025ac7002400 'java/lang/invoke/LambdaForm$MH+0x0000025ac7002400'
Event: 7514.755 Thread 0x0000025ac551dca0 Unloading class 0x0000025ac7002000 'java/lang/invoke/LambdaForm$MH+0x0000025ac7002000'
Event: 7514.755 Thread 0x0000025ac551dca0 Unloading class 0x0000025ac7001800 'java/lang/invoke/LambdaForm$MH+0x0000025ac7001800'
Event: 7514.756 Thread 0x0000025ac551dca0 Unloading class 0x0000025ac7000400 'java/lang/invoke/LambdaForm$MH+0x0000025ac7000400'

Classes redefined (0 events):
No events

Internal exceptions (20 events):
Event: 7028.024 Thread 0x0000025b07ce8ff0 Implicit null exception at 0x0000024a364e2162 to 0x0000024a364e25ac
Event: 7260.406 Thread 0x0000025b0ecf4a30 Exception <a 'java/lang/IncompatibleClassChangeError'{0x00000254e7f0f170}: Found class java.lang.Object, but interface was expected> (0x00000254e7f0f170) 
thrown [s\src\hotspot\share\interpreter\linkResolver.cpp, line 840]
Event: 7260.514 Thread 0x0000025b07ce8ff0 Exception <a 'java/io/FileNotFoundException'{0x00000254e7f54d58}> (0x00000254e7f54d58) 
thrown [s\src\hotspot\share\prims\jni.cpp, line 520]
Event: 7260.762 Thread 0x0000025b0ecf4a30 Exception <a 'java/lang/NoSuchMethodError'{0x00000254e818a8c8}: 'java.lang.Object java.lang.invoke.DirectMethodHandle$Holder.newInvokeSpecial(java.lang.Object, java.lang.Object, java.lang.Object, java.lang.Object, java.lang.Object, java.lang.Object, java.lang.Object)'> (0x00000254e818a8c8) 
thrown [s\src\hotspot\share\interpreter\linkResolver.cpp, line 773]
Event: 7261.201 Thread 0x0000025b07ce8ff0 Exception <a 'java/io/FileNotFoundException'{0x00000254e82edfe8}> (0x00000254e82edfe8) 
thrown [s\src\hotspot\share\prims\jni.cpp, line 520]
Event: 7261.422 Thread 0x0000025b0ecf4a30 Exception <a 'java/lang/ArrayIndexOutOfBoundsException'{0x00000254e846e938}: Index 359 out of bounds for length 359> (0x00000254e846e938) 
thrown [s\src\hotspot\share\interpreter\interpreterRuntime.cpp, line 439]
Event: 7261.422 Thread 0x0000025b0ecf4a30 Exception <a 'java/lang/ArrayIndexOutOfBoundsException'{0x00000254e846f0d8}: Index 359 out of bounds for length 359> (0x00000254e846f0d8) 
thrown [s\src\hotspot\share\interpreter\interpreterRuntime.cpp, line 439]
Event: 7261.422 Thread 0x0000025b0ecf4a30 Exception <a 'java/lang/ArrayIndexOutOfBoundsException'{0x00000254e846f530}: Index 360 out of bounds for length 359> (0x00000254e846f530) 
thrown [s\src\hotspot\share\interpreter\interpreterRuntime.cpp, line 439]
Event: 7299.674 Thread 0x0000025b0ecefb70 Exception <a 'java/lang/NoSuchMethodError'{0x00000254e811cf78}: 'java.lang.Object java.lang.invoke.DirectMethodHandle$Holder.newInvokeSpecial(java.lang.Object, java.lang.Object, java.lang.Object, java.lang.Object, java.lang.Object, java.lang.Object, java.lang.Object, java.lang.Object)'> (0x00000254e811cf78) 
thrown [s\src\hotspot\share\interpreter\linkResolver.cpp, line 773]
Event: 7411.223 Thread 0x0000025b0dd00cd0 Exception <a 'java/lang/NoSuchMethodError'{0x00000254e82cd2b0}: 'java.lang.Object java.lang.invoke.DirectMethodHandle$Holder.newInvokeSpecial(java.lang.Object, java.lang.Object, java.lang.Object, java.lang.Object, java.lang.Object, java.lang.Object, java.lang.Object, java.lang.Object, java.lang.Object, java.lang.Object)'> (0x00000254e82cd2b0) 
thrown [s\src\hotspot\share\interpreter\linkResolver.cpp, line 773]
Event: 7411.591 Thread 0x0000025b0dcfffb0 Implicit null exception at 0x0000024a3608fda8 to 0x0000024a3608fe81
Event: 7412.124 Thread 0x0000025b0dcfffb0 Exception <a 'java/lang/NoSuchMethodError'{0x00000254e84a3850}: 'void java.lang.invoke.DirectMethodHandle$Holder.invokeInterface(java.lang.Object, java.lang.Object)'> (0x00000254e84a3850) 
thrown [s\src\hotspot\share\interpreter\linkResolver.cpp, line 773]
Event: 7413.284 Thread 0x0000025b0dcfffb0 Exception <a 'sun/nio/fs/WindowsException'{0x00000254e857d0e8}> (0x00000254e857d0e8) 
thrown [s\src\hotspot\share\prims\jni.cpp, line 520]
Event: 7413.284 Thread 0x0000025b0dcfffb0 Exception <a 'sun/nio/fs/WindowsException'{0x00000254e857da78}> (0x00000254e857da78) 
thrown [s\src\hotspot\share\prims\jni.cpp, line 520]
Event: 7413.342 Thread 0x0000025b0dcfffb0 Exception <a 'sun/nio/fs/WindowsException'{0x00000254e857e808}> (0x00000254e857e808) 
thrown [s\src\hotspot\share\prims\jni.cpp, line 520]
Event: 7413.342 Thread 0x0000025b0dcfffb0 Exception <a 'sun/nio/fs/WindowsException'{0x00000254e857ef50}> (0x00000254e857ef50) 
thrown [s\src\hotspot\share\prims\jni.cpp, line 520]
Event: 7413.382 Thread 0x0000025b0dcfffb0 Exception <a 'sun/nio/fs/WindowsException'{0x00000254e857fae8}> (0x00000254e857fae8) 
thrown [s\src\hotspot\share\prims\jni.cpp, line 520]
Event: 7413.382 Thread 0x0000025b0dcfffb0 Exception <a 'sun/nio/fs/WindowsException'{0x00000254e8580230}> (0x00000254e8580230) 
thrown [s\src\hotspot\share\prims\jni.cpp, line 520]
Event: 7413.546 Thread 0x0000025b07ce8ff0 Exception <a 'java/io/FileNotFoundException'{0x00000254e85c8970}> (0x00000254e85c8970) 
thrown [s\src\hotspot\share\prims\jni.cpp, line 520]
Event: 7416.658 Thread 0x0000025b0ecf4a30 Exception <a 'java/io/IOException'{0x00000254e7f11dc8}> (0x00000254e7f11dc8) 
thrown [s\src\hotspot\share\prims\jni.cpp, line 520]

ZGC Phase Switch (0 events):
No events

VM Operations (20 events):
Event: 7305.947 Executing safepoint VM operation: Cleanup done
Event: 7320.391 Executing non-safepoint VM operation: HandshakeAllThreads (HandshakeForDeflation)
Event: 7320.391 Executing non-safepoint VM operation: HandshakeAllThreads (HandshakeForDeflation) done
Event: 7320.391 Executing non-safepoint VM operation: RendezvousGCThreads
Event: 7320.391 Executing non-safepoint VM operation: RendezvousGCThreads done
Event: 7411.343 Executing safepoint VM operation: Cleanup
Event: 7411.344 Executing safepoint VM operation: Cleanup done
Event: 7412.349 Executing safepoint VM operation: Cleanup
Event: 7412.350 Executing safepoint VM operation: Cleanup done
Event: 7413.096 Executing non-safepoint VM operation: HandshakeAllThreads (Deoptimize)
Event: 7413.096 Executing non-safepoint VM operation: HandshakeAllThreads (Deoptimize) done
Event: 7414.101 Executing safepoint VM operation: Cleanup
Event: 7414.116 Executing safepoint VM operation: Cleanup done
Event: 7414.149 Executing safepoint VM operation: ParallelGCFailedAllocation (Allocation Failure)
Event: 7416.644 Executing safepoint VM operation: ParallelGCFailedAllocation (Allocation Failure) done
Event: 7440.643 Executing non-safepoint VM operation: HandshakeAllThreads (HandshakeForDeflation)
Event: 7443.841 Executing non-safepoint VM operation: HandshakeAllThreads (HandshakeForDeflation) done
Event: 7443.843 Executing non-safepoint VM operation: RendezvousGCThreads
Event: 7443.843 Executing non-safepoint VM operation: RendezvousGCThreads done
Event: 7443.843 Executing safepoint VM operation: ParallelGCFailedAllocation (Allocation Failure)

Memory protections (0 events):
No events

Nmethod flushes (20 events):
Event: 7462.775 Thread 0x0000025ac551dca0 flushing  nmethod 0x0000024a2f953090
Event: 7462.775 Thread 0x0000025ac551dca0 flushing  nmethod 0x0000024a2f966390
Event: 7462.775 Thread 0x0000025ac551dca0 flushing  nmethod 0x0000024a2f967b90
Event: 7462.775 Thread 0x0000025ac551dca0 flushing  nmethod 0x0000024a2f969190
Event: 7462.775 Thread 0x0000025ac551dca0 flushing  nmethod 0x0000024a2f98e290
Event: 7462.775 Thread 0x0000025ac551dca0 flushing  nmethod 0x0000024a2f999990
Event: 7462.775 Thread 0x0000025ac551dca0 flushing osr nmethod 0x0000024a2f9a2b10
Event: 7462.775 Thread 0x0000025ac551dca0 flushing  nmethod 0x0000024a2f9af490
Event: 7462.775 Thread 0x0000025ac551dca0 flushing  nmethod 0x0000024a2f9ea810
Event: 7462.775 Thread 0x0000025ac551dca0 flushing  nmethod 0x0000024a2f9ed090
Event: 7462.775 Thread 0x0000025ac551dca0 flushing osr nmethod 0x0000024a2fa1bd90
Event: 7462.775 Thread 0x0000025ac551dca0 flushing  nmethod 0x0000024a2fa4ac90
Event: 7462.775 Thread 0x0000025ac551dca0 flushing  nmethod 0x0000024a2fa96890
Event: 7462.775 Thread 0x0000025ac551dca0 flushing  nmethod 0x0000024a2fb00710
Event: 7516.372 Thread 0x0000025ac551dca0 flushing  nmethod 0x0000024a35f9ec90
Event: 7516.373 Thread 0x0000025ac551dca0 flushing  nmethod 0x0000024a2e662910
Event: 7516.374 Thread 0x0000025ac551dca0 flushing  nmethod 0x0000024a2e885a90
Event: 7516.374 Thread 0x0000025ac551dca0 flushing  nmethod 0x0000024a2eb8a710
Event: 7516.374 Thread 0x0000025ac551dca0 flushing  nmethod 0x0000024a2f609590
Event: 7516.374 Thread 0x0000025ac551dca0 flushing  nmethod 0x0000024a2fa24590

Events (20 events):
Event: 7320.391 Thread 0x0000025b0dd00640 Thread exited: 0x0000025b0dd00640
Event: 7322.583 Thread 0x0000025b0dcfec00 Thread exited: 0x0000025b0dcfec00
Event: 7359.881 Thread 0x0000025b0dd019f0 Thread exited: 0x0000025b0dd019f0
Event: 7382.595 Thread 0x0000025b0dd05500 Thread exited: 0x0000025b0dd05500
Event: 7410.708 Thread 0x0000025b0ecf6470 Thread added: 0x0000025b0dd01360
Event: 7410.953 Thread 0x0000025b0dd00cd0 Thread added: 0x0000025b0dcfffb0
Event: 7410.954 Thread 0x0000025b0dcfffb0 Thread exited: 0x0000025b0dcfffb0
Event: 7410.993 Thread 0x0000025b0dd00cd0 Thread added: 0x0000025b0dcfffb0
Event: 7410.993 Thread 0x0000025b0dcfffb0 Thread added: 0x0000025b0dcfec00
Event: 7411.044 Thread 0x0000025b0dcfec00 Thread exited: 0x0000025b0dcfec00
Event: 7411.045 Thread 0x0000025b0dcfffb0 Thread exited: 0x0000025b0dcfffb0
Event: 7411.236 Thread 0x0000025b0dd00cd0 Thread added: 0x0000025b0dcfffb0
Event: 7411.241 Thread 0x0000025b0dcfffb0 Thread added: 0x0000025b0dd019f0
Event: 7411.258 Thread 0x0000025b0dcfffb0 Thread added: 0x0000025b0dd00640
Event: 7411.261 Thread 0x0000025b0dd019f0 Thread exited: 0x0000025b0dd019f0
Event: 7411.261 Thread 0x0000025b0dcfffb0 Thread exited: 0x0000025b0dcfffb0
Event: 7411.261 Thread 0x0000025b0dd00640 Thread exited: 0x0000025b0dd00640
Event: 7411.410 Thread 0x0000024a28d8b1e0 Thread added: 0x0000025b0dcfffb0
Event: 7416.652 Thread 0x0000025b0dd02080 Thread exited: 0x0000025b0dd02080
Event: 7442.676 Thread 0x0000025b0dd02da0 Thread exited: 0x0000025b0dd02da0


Dynamic libraries:
0x00007ff637840000 - 0x00007ff63784e000 	c:\Users\HP\.vscode\extensions\redhat.java-1.56.0-win32-x64\jre\21.0.12.1-win32-x86_64\bin\java.exe
0x00007ff950060000 - 0x00007ff9502c7000 	C:\WINDOWS\SYSTEM32\ntdll.dll
0x00007ff94eba0000 - 0x00007ff94ec6b000 	C:\WINDOWS\System32\KERNEL32.DLL
0x00007ff94d750000 - 0x00007ff94db51000 	C:\WINDOWS\System32\KERNELBASE.dll
0x00007ff94d5f0000 - 0x00007ff94d73c000 	C:\WINDOWS\System32\ucrtbase.dll
0x00007ff92a390000 - 0x00007ff92a3a8000 	c:\Users\HP\.vscode\extensions\redhat.java-1.56.0-win32-x64\jre\21.0.12.1-win32-x86_64\bin\jli.dll
0x00007ff94f7a0000 - 0x00007ff94f977000 	C:\WINDOWS\System32\USER32.dll
0x00007ff94db60000 - 0x00007ff94db87000 	C:\WINDOWS\System32\win32u.dll
0x00007ff94f770000 - 0x00007ff94f79b000 	C:\WINDOWS\System32\GDI32.dll
0x00007ff94dc50000 - 0x00007ff94dd78000 	C:\WINDOWS\System32\gdi32full.dll
0x00007ff94d3f0000 - 0x00007ff94d493000 	C:\WINDOWS\System32\msvcp_win.dll
0x00007ff91a810000 - 0x00007ff91a82e000 	c:\Users\HP\.vscode\extensions\redhat.java-1.56.0-win32-x64\jre\21.0.12.1-win32-x86_64\bin\VCRUNTIME140.dll
0x00007ff931dc0000 - 0x00007ff932050000 	C:\WINDOWS\WinSxS\amd64_microsoft.windows.common-controls_6595b64144ccf1df_6.0.26100.9549_none_3e0a0396e3330090\COMCTL32.dll
0x00007ff94fae0000 - 0x00007ff94fb89000 	C:\WINDOWS\System32\msvcrt.dll
0x00007ff94e580000 - 0x00007ff94e5b1000 	C:\WINDOWS\System32\IMM32.DLL
0x00007ff934210000 - 0x00007ff93421c000 	c:\Users\HP\.vscode\extensions\redhat.java-1.56.0-win32-x64\jre\21.0.12.1-win32-x86_64\bin\vcruntime140_1.dll
0x00007ff8cf5c0000 - 0x00007ff8cf64d000 	c:\Users\HP\.vscode\extensions\redhat.java-1.56.0-win32-x64\jre\21.0.12.1-win32-x86_64\bin\msvcp140.dll
0x00007ff8a2b20000 - 0x00007ff8a38c2000 	c:\Users\HP\.vscode\extensions\redhat.java-1.56.0-win32-x64\jre\21.0.12.1-win32-x86_64\bin\server\jvm.dll
0x00007ff94e600000 - 0x00007ff94e6bb000 	C:\WINDOWS\System32\ADVAPI32.dll
0x00007ff94dd80000 - 0x00007ff94de28000 	C:\WINDOWS\System32\sechost.dll
0x00007ff94fd20000 - 0x00007ff94fe38000 	C:\WINDOWS\System32\RPCRT4.dll
0x00007ff94eeb0000 - 0x00007ff94ef31000 	C:\WINDOWS\System32\WS2_32.dll
0x00007ff94d0b0000 - 0x00007ff94d10e000 	C:\WINDOWS\SYSTEM32\POWRPROF.dll
0x00007ff9447f0000 - 0x00007ff944827000 	C:\WINDOWS\SYSTEM32\WINMM.dll
0x00007ff944830000 - 0x00007ff94483b000 	C:\WINDOWS\SYSTEM32\VERSION.dll
0x00007ff94d090000 - 0x00007ff94d0a5000 	C:\WINDOWS\SYSTEM32\UMPDC.dll
0x00007ff94bf00000 - 0x00007ff94bf1b000 	C:\WINDOWS\SYSTEM32\kernel.appcore.dll
0x00007ff9341a0000 - 0x00007ff9341aa000 	c:\Users\HP\.vscode\extensions\redhat.java-1.56.0-win32-x64\jre\21.0.12.1-win32-x86_64\bin\jimage.dll
0x00007ff9417b0000 - 0x00007ff9419fc000 	C:\WINDOWS\SYSTEM32\DBGHELP.DLL
0x00007ff94dfd0000 - 0x00007ff94e35a000 	C:\WINDOWS\System32\combase.dll
0x00007ff94edd0000 - 0x00007ff94eea9000 	C:\WINDOWS\System32\OLEAUT32.dll
0x00007ff931080000 - 0x00007ff9310bb000 	C:\WINDOWS\SYSTEM32\dbgcore.DLL
0x00007ff94d530000 - 0x00007ff94d5dc000 	C:\WINDOWS\System32\bcryptPrimitives.dll
0x00007ff934130000 - 0x00007ff93413f000 	c:\Users\HP\.vscode\extensions\redhat.java-1.56.0-win32-x64\jre\21.0.12.1-win32-x86_64\bin\instrument.dll
0x00007ff91a7a0000 - 0x00007ff91a7c0000 	c:\Users\HP\.vscode\extensions\redhat.java-1.56.0-win32-x64\jre\21.0.12.1-win32-x86_64\bin\java.dll
0x00007ff94ef40000 - 0x00007ff94f6dc000 	C:\WINDOWS\System32\SHELL32.dll
0x00007ff94ac90000 - 0x00007ff94b53d000 	C:\WINDOWS\SYSTEM32\windows.storage.dll
0x00007ff94fc20000 - 0x00007ff94fd19000 	C:\WINDOWS\System32\SHCORE.dll
0x00007ff94fba0000 - 0x00007ff94fc06000 	C:\WINDOWS\System32\shlwapi.dll
0x00007ff94d170000 - 0x00007ff94d199000 	C:\WINDOWS\SYSTEM32\profapi.dll
0x00007ff90d480000 - 0x00007ff90d498000 	c:\Users\HP\.vscode\extensions\redhat.java-1.56.0-win32-x64\jre\21.0.12.1-win32-x86_64\bin\zip.dll
0x00007ff933a70000 - 0x00007ff933a80000 	C:\Users\HP\.vscode\extensions\redhat.java-1.56.0-win32-x64\jre\21.0.12.1-win32-x86_64\bin\net.dll
0x00007ff9423a0000 - 0x00007ff9424ca000 	C:\WINDOWS\SYSTEM32\WINHTTP.dll
0x00007ff94c4c0000 - 0x00007ff94c52c000 	C:\WINDOWS\system32\mswsock.dll
0x00007ff909eb0000 - 0x00007ff909ec6000 	C:\Users\HP\.vscode\extensions\redhat.java-1.56.0-win32-x64\jre\21.0.12.1-win32-x86_64\bin\nio.dll
0x00007ff92f090000 - 0x00007ff92f0a0000 	c:\Users\HP\.vscode\extensions\redhat.java-1.56.0-win32-x64\jre\21.0.12.1-win32-x86_64\bin\verify.dll
0x00007ff90bb60000 - 0x00007ff90bba5000 	C:\Users\HP\AppData\Roaming\Code\User\globalStorage\redhat.java\1.56.0\config_win\org.eclipse.equinox.launcher\org.eclipse.equinox.launcher.win32.win32.x86_64_1.3.100.v20260804-1928\eclipse_11924.dll
0x00007ff94de30000 - 0x00007ff94dfca000 	C:\WINDOWS\System32\ole32.dll
0x00007ff94c7b0000 - 0x00007ff94c7cb000 	C:\WINDOWS\SYSTEM32\CRYPTSP.dll
0x00007ff94be60000 - 0x00007ff94be99000 	C:\WINDOWS\system32\rsaenh.dll
0x00007ff94c570000 - 0x00007ff94c5a4000 	C:\WINDOWS\SYSTEM32\USERENV.dll
0x00007ff94d140000 - 0x00007ff94d16a000 	C:\WINDOWS\SYSTEM32\bcrypt.dll
0x00007ff94c7d0000 - 0x00007ff94c7dc000 	C:\WINDOWS\SYSTEM32\CRYPTBASE.dll
0x00007ff94b8e0000 - 0x00007ff94b913000 	C:\WINDOWS\SYSTEM32\IPHLPAPI.DLL
0x00007ff94e5c0000 - 0x00007ff94e5ca000 	C:\WINDOWS\System32\NSI.dll
0x00007ff8e7720000 - 0x00007ff8e7769000 	C:\Users\HP\AppData\Local\Temp\jna-2312\jna17371583390501777223.dll
0x00007ff94fa40000 - 0x00007ff94fa48000 	C:\WINDOWS\System32\PSAPI.DLL
0x00007ff941fc0000 - 0x00007ff941fde000 	C:\WINDOWS\SYSTEM32\dhcpcsvc6.DLL
0x00007ff941ee0000 - 0x00007ff941f05000 	C:\WINDOWS\SYSTEM32\dhcpcsvc.DLL
0x00007ff948bf0000 - 0x00007ff948bfe000 	C:\Users\HP\.vscode\extensions\redhat.java-1.56.0-win32-x64\jre\21.0.12.1-win32-x86_64\bin\sunmscapi.dll
0x00007ff94d260000 - 0x00007ff94d3df000 	C:\WINDOWS\System32\CRYPT32.dll
0x00007ff94ca10000 - 0x00007ff94ca40000 	C:\WINDOWS\SYSTEM32\ncrypt.dll
0x00007ff94c9c0000 - 0x00007ff94c9ff000 	C:\WINDOWS\SYSTEM32\NTASN1.dll
0x00007ff94b980000 - 0x00007ff94bad8000 	C:\WINDOWS\SYSTEM32\DNSAPI.dll
0x00007ff94c2c0000 - 0x00007ff94c2cd000 	C:\WINDOWS\SYSTEM32\DSPARSE.dll
0x00007ff93fab0000 - 0x00007ff93fabb000 	C:\Windows\System32\rasadhlp.dll
0x00007ff93fac0000 - 0x00007ff93fb46000 	C:\WINDOWS\System32\fwpuclnt.dll
0x00007ff948be0000 - 0x00007ff948be9000 	C:\Users\HP\.vscode\extensions\redhat.java-1.56.0-win32-x64\jre\21.0.12.1-win32-x86_64\bin\extnet.dll
0x00007ff94c030000 - 0x00007ff94c066000 	C:\WINDOWS\SYSTEM32\ntmarta.dll

JVMTI agents:
c:\Users\HP\.vscode\extensions\redhat.java-1.56.0-win32-x64\lombok\lombok-1.18.39-4050.jar path:c:\Users\HP\.vscode\extensions\redhat.java-1.56.0-win32-x64\jre\21.0.12.1-win32-x86_64\bin\instrument.dll, loaded, initialized, instrumentlib options:none

dbghelp: loaded successfully - version: 4.0.5 - missing functions: none
symbol engine: initialized successfully - sym options: 0x614 - pdb path: .;c:\Users\HP\.vscode\extensions\redhat.java-1.56.0-win32-x64\jre\21.0.12.1-win32-x86_64\bin;C:\WINDOWS\SYSTEM32;C:\WINDOWS\WinSxS\amd64_microsoft.windows.common-controls_6595b64144ccf1df_6.0.26100.9549_none_3e0a0396e3330090;c:\Users\HP\.vscode\extensions\redhat.java-1.56.0-win32-x64\jre\21.0.12.1-win32-x86_64\bin\server;C:\Users\HP\AppData\Roaming\Code\User\globalStorage\redhat.java\1.56.0\config_win\org.eclipse.equinox.launcher\org.eclipse.equinox.launcher.win32.win32.x86_64_1.3.100.v20260804-1928;C:\Users\HP\AppData\Local\Temp\jna-2312

VM Arguments:
jvm_args: --add-modules=ALL-SYSTEM --add-opens=java.base/java.util=ALL-UNNAMED --add-opens=java.base/java.lang=ALL-UNNAMED --add-opens=java.base/sun.nio.fs=ALL-UNNAMED -Declipse.application=org.eclipse.jdt.ls.core.id1 -Dosgi.bundles.defaultStartLevel=4 -Declipse.product=org.eclipse.jdt.ls.core.product -Djava.import.generatesMetadataFilesAtProjectRoot=false -Dm2e.project.cache.size=50 -DDetectVMInstallationsJob.disabled=true -Dfile.encoding=utf8 -XX:+UseParallelGC -XX:GCTimeRatio=4 -XX:AdaptiveSizePolicyWeight=90 -Dsun.zip.disableMemoryMapping=true -Xmx64G -Xms100m -Xlog:disable -javaagent:c:\Users\HP\.vscode\extensions\redhat.java-1.56.0-win32-x64\lombok\lombok-1.18.39-4050.jar -XX:+HeapDumpOnOutOfMemoryError -XX:HeapDumpPath=c:\Users\HP\AppData\Roaming\Code\User\workspaceStorage\623c157ac56a15a7c5c112defd6c519b\redhat.java -Daether.dependencyCollector.impl=bf 
java_command: c:\Users\HP\.vscode\extensions\redhat.java-1.56.0-win32-x64\server\plugins\org.eclipse.equinox.launcher_1.8.0.v20260804-1928.jar -configuration c:\Users\HP\AppData\Roaming\Code\User\globalStorage\redhat.java\1.56.0\config_win -data c:\Users\HP\AppData\Roaming\Code\User\workspaceStorage\623c157ac56a15a7c5c112defd6c519b\redhat.java\jdt_ws --pipe=\\.\pipe\lsp-ac1c563eb4490174e7202c8d4e454735-sock
java_class_path (initial): c:\Users\HP\.vscode\extensions\redhat.java-1.56.0-win32-x64\server\plugins\org.eclipse.equinox.launcher_1.8.0.v20260804-1928.jar
Launcher Type: SUN_STANDARD

[Global flags]
    uintx AdaptiveSizePolicyWeight                 = 90                                        {product} {command line}
     intx CICompilerCount                          = 3                                         {product} {ergonomic}
    uintx GCTimeRatio                              = 4                                         {product} {command line}
     bool HeapDumpOnOutOfMemoryError               = true                                   {manageable} {command line}
    ccstr HeapDumpPath                             = c:\Users\HP\AppData\Roaming\Code\User\workspaceStorage\623c157ac56a15a7c5c112defd6c519b\redhat.java         {manageable} {command line}
   size_t InitialHeapSize                          = 104857600                                 {product} {command line}
   size_t MaxHeapSize                              = 68719476736                               {product} {command line}
   size_t MaxNewSize                               = 22906142720                               {product} {ergonomic}
   size_t MinHeapDeltaBytes                        = 524288                                    {product} {ergonomic}
   size_t MinHeapSize                              = 104857600                                 {product} {command line}
   size_t NewSize                                  = 34603008                                  {product} {ergonomic}
    uintx NonNMethodCodeHeapSize                   = 5832780                                {pd product} {ergonomic}
    uintx NonProfiledCodeHeapSize                  = 122912730                              {pd product} {ergonomic}
   size_t OldSize                                  = 70254592                                  {product} {ergonomic}
    uintx ProfiledCodeHeapSize                     = 122912730                              {pd product} {ergonomic}
    uintx ReservedCodeCacheSize                    = 251658240                              {pd product} {ergonomic}
     bool SegmentedCodeCache                       = true                                      {product} {ergonomic}
   size_t SoftMaxHeapSize                          = 68719476736                            {manageable} {ergonomic}
     bool UseLargePagesIndividualAllocation        = false                                  {pd product} {ergonomic}
     bool UseParallelGC                            = true                                      {product} {command line}

Logging:
Log output configuration:
 #0: stdout all=off uptime,level,tags foldmultilines=false
 #1: stderr all=off uptime,level,tags foldmultilines=false

Release file:
JAVA_VERSION="21.0.12.1" 
MODULES="java.base java.compiler java.datatransfer java.xml java.prefs java.desktop java.instrument java.logging java.management java.security.sasl java.naming java.rmi java.management.rmi java.net.http java.scripting java.security.jgss java.transaction.xa java.sql java.sql.rowset java.xml.crypto java.se java.smartcardio jdk.accessibility jdk.internal.jvmstat jdk.attach jdk.charsets jdk.internal.opt jdk.zipfs jdk.compiler jdk.crypto.ec jdk.crypto.cryptoki jdk.crypto.mscapi jdk.dynalink jdk.internal.ed jdk.editpad jdk.hotspot.agent jdk.httpserver jdk.internal.le jdk.internal.vm.ci jdk.internal.vm.compiler jdk.internal.vm.compiler.management jdk.jartool jdk.javadoc jdk.jcmd jdk.management jdk.management.agent jdk.jconsole jdk.jdeps jdk.jdwp.agent jdk.jdi jdk.jfr jdk.jshell jdk.jsobject jdk.jstatd jdk.localedata jdk.management.jfr jdk.naming.dns jdk.naming.rmi jdk.net jdk.nio.mapmode jdk.random jdk.sctp jdk.security.auth jdk.security.jgss jdk.unsupported jdk.unsupported.desktop jdk.xml.dom" 

Environment Variables:
PATH=C:\Program Files\Common Files\Oracle\Java\javapath;C:\Program Files (x86)\Common Files\Oracle\Java\javapath;C:\WINDOWS\system32;C:\WINDOWS;C:\WINDOWS\System32\Wbem;C:\WINDOWS\System32\WindowsPowerShell\v1.0\;C:\WINDOWS\System32\OpenSSH\;C:\Users\HP\AppData\Local\Programs\Python\Launcher\;C:\laragon\bin\php\php-8.1.10-Win32-vs16-x64;C:\Program Files\dotnet\;C:\mingw64\bin;C:\Program Files\Java\jdk-25\bin;C:\Users\HP\AppData\Local\Programs\Python\Python310\;C:\Users\HP\AppData\Local\Programs\Python\Python310\Scripts\;C:\Program Files\PostgreSQL\17\bin;C:\Program Files (x86)\ZeroTier\One\;C:\Program Files\Git\cmd;C:\Program Files\apache-maven-3.9.12\bin;C:\Program Files\Microsoft VS Code\bin;C:\ProgramData\chocolatey\bin;C:\msys64\ucrt64\bin;;C:\Program Files\Docker\Docker\resources\bin;C:\Program Files (x86)\Windows Kits\10\Windows Performance Toolkit\;C:\Program Files\usbipd-win\;C:\Users\HP\.cargo\bin;C:\Users\HP\AppData\Local\Programs\Python\Python310\Scripts\;C:\Users\HP\AppData\Local\Programs\Python\Python310\;C:\Users\HP\AppData\Local\Programs\Python\Launcher\;C:\Users\HP\AppData\Local\Microsoft\WindowsApps;C:\Users\HP\.dotnet\tools;C:\msys64\ucrt64\bin;C:\Users\HP\Documents\Java;C:\Program Files (x86)\Nmap
USERNAME=HP
OS=Windows_NT
PROCESSOR_IDENTIFIER=AMD64 Family 23 Model 24 Stepping 1, AuthenticAMD
TMP=C:\Users\HP\AppData\Local\Temp
TEMP=C:\Users\HP\AppData\Local\Temp




Periodic native trim disabled

---------------  S Y S T E M  ---------------

OS:
 Windows 11 , 64 bit Build 26100 (10.0.26100.9549)
OS uptime: 0 days 12:24 hours
Hyper-V role detected

CPU: total 4 (initial active 4) (4 cores per cpu, 2 threads per core) family 23 model 24 stepping 1 microcode 0x8108109, cx8, cmov, fxsr, ht, mmx, 3dnowpref, sse, sse2, sse3, ssse3, sse4a, sse4.1, sse4.2, popcnt, lzcnt, tsc, tscinvbit, avx, avx2, aes, clmul, bmi1, bmi2, adx, sha, fma, vzeroupper, clflush, clflushopt, hv, rdtscp, f16c
Processor Information for the first 4 processors :
  Max Mhz: 2600, Current Mhz: 2600, Mhz Limit: 2600

Memory: 4k page, system-wide physical 14215M (105M free)
TotalPageFile size 57223M (AvailPageFile size 24M)
current process WorkingSet (physical memory assigned to process): 10340M, peak: 11747M
current process commit charge ("private bytes"): 46343M, peak: 46368M

vm_info: OpenJDK 64-Bit Server VM (21.0.12.1+1-LTS) for windows-amd64 JRE (21.0.12.1+1-LTS), built on 2026-08-18T00:00:00Z by "admin" with MS VC++ 17.12 (VS2022)

END.
